// Vitest Snapshot v1, https://vitest.dev/guide/snapshot.html

exports[`ActionConfirm > should match the snapshot 1`] = `
{
  "asFragment": [Function],
  "baseElement": <body>
    <div>
      <div
        class="w-full min-h-8 px-2 py-1.5 flex items-center overflow-hidden relative rounded-md"
      >
        <div
          aria-label="Delete"
          class="absolute z-1 flex items-center justify-start w-full text-sm gap-2"
          data-testid="action-confirm-trigger"
          style="opacity: 0; transform: scale(0);"
        >
          <svg
            aria-hidden="true"
            class="lucide lucide-trash2 lucide-trash-2 w-4 h-4 text-red-600"
            fill="none"
            height="24"
            stroke="currentColor"
            stroke-linecap="round"
            stroke-linejoin="round"
            stroke-width="2"
            viewBox="0 0 24 24"
            width="24"
            xmlns="http://www.w3.org/2000/svg"
          >
            <path
              d="M3 6h18"
            />
            <path
              d="M19 6v14c0 1-1 2-2 2H7c-1 0-2-1-2-2V6"
            />
            <path
              d="M8 6V4c0-1 1-2 2-2h4c1 0 2 1 2 2v2"
            />
            <line
              x1="10"
              x2="10"
              y1="11"
              y2="17"
            />
            <line
              x1="14"
              x2="14"
              y1="11"
              y2="17"
            />
          </svg>
          Delete
        </div>
      </div>
    </div>
  </body>,
  "container": <div>
    <div
      class="w-full min-h-8 px-2 py-1.5 flex items-center overflow-hidden relative rounded-md"
    >
      <div
        aria-label="Delete"
        class="absolute z-1 flex items-center justify-start w-full text-sm gap-2"
        data-testid="action-confirm-trigger"
        style="opacity: 0; transform: scale(0);"
      >
        <svg
          aria-hidden="true"
          class="lucide lucide-trash2 lucide-trash-2 w-4 h-4 text-red-600"
          fill="none"
          height="24"
          stroke="currentColor"
          stroke-linecap="round"
          stroke-linejoin="round"
          stroke-width="2"
          viewBox="0 0 24 24"
          width="24"
          xmlns="http://www.w3.org/2000/svg"
        >
          <path
            d="M3 6h18"
          />
          <path
            d="M19 6v14c0 1-1 2-2 2H7c-1 0-2-1-2-2V6"
          />
          <path
            d="M8 6V4c0-1 1-2 2-2h4c1 0 2 1 2 2v2"
          />
          <line
            x1="10"
            x2="10"
            y1="11"
            y2="17"
          />
          <line
            x1="14"
            x2="14"
            y1="11"
            y2="17"
          />
        </svg>
        Delete
      </div>
    </div>
  </div>,
  "debug": [Function],
  "findAllByAltText": [Function],
  "findAllByDisplayValue": [Function],
  "findAllByLabelText": [Function],
  "findAllByPlaceholderText": [Function],
  "findAllByRole": [Function],
  "findAllByTestId": [Function],
  "findAllByText": [Function],
  "findAllByTitle": [Function],
  "findByAltText": [Function],
  "findByDisplayValue": [Function],
  "findByLabelText": [Function],
  "findByPlaceholderText": [Function],
  "findByRole": [Function],
  "findByTestId": [Function],
  "findByText": [Function],
  "findByTitle": [Function],
  "getAllByAltText": [Function],
  "getAllByDisplayValue": [Function],
  "getAllByLabelText": [Function],
  "getAllByPlaceholderText": [Function],
  "getAllByRole": [Function],
  "getAllByTestId": [Function],
  "getAllByText": [Function],
  "getAllByTitle": [Function],
  "getByAltText": [Function],
  "getByDisplayValue": [Function],
  "getByLabelText": [Function],
  "getByPlaceholderText": [Function],
  "getByRole": [Function],
  "getByTestId": [Function],
  "getByText": [Function],
  "getByTitle": [Function],
  "queryAllByAltText": [Function],
  "queryAllByDisplayValue": [Function],
  "queryAllByLabelText": [Function],
  "queryAllByPlaceholderText": [Function],
  "queryAllByRole": [Function],
  "queryAllByTestId": [Function],
  "queryAllByText": [Function],
  "queryAllByTitle": [Function],
  "queryByAltText": [Function],
  "queryByDisplayValue": [Function],
  "queryByLabelText": [Function],
  "queryByPlaceholderText": [Function],
  "queryByRole": [Function],
  "queryByTestId": [Function],
  "queryByText": [Function],
  "queryByTitle": [Function],
  "rerender": [Function],
  "unmount": [Function],
}
`;
